N=  10  ref=   0.031+-0.000s  incr(same trace)=  0.007+-0.000s (4.3x)  incr(no digests)= 0.0037+-0.0003s (8.4x)  [OK]
N=  50  ref=   0.427+-0.014s  incr(same trace)=  0.084+-0.001s (5.1x)  incr(no digests)= 0.0118+-0.0007s (36.2x)  [OK]
N= 100  ref=   1.559+-0.101s  incr(same trace)=  0.302+-0.008s (5.2x)  incr(no digests)= 0.0232+-0.0064s (67.1x)  [OK]
N= 200  ref=   5.509+-0.038s  incr(same trace)=  1.108+-0.010s (5.0x)  incr(no digests)= 0.0380+-0.0008s (145.1x)  [OK]
N= 400  ref=  21.458+-0.154s  incr(same trace)=  4.297+-0.045s (5.0x)  incr(no digests)= 0.0747+-0.0019s (287.2x)  [OK]
N= 800  ref=  85.507+-0.783s  incr(same trace)= 17.361+-0.115s (4.9x)  incr(no digests)= 0.1494+-0.0106s (572.4x)  [OK]

============================================================
LaTeX rows for Table tab:scalability (paste these):
============================================================
 10 &   10 & 0.031 $\pm$ 0.000 & 0.007 $\pm$ 0.000 & 4.3$\times$ & 0.004 $\pm$ 0.000 & 8.4$\times$ \\
\hline
 50 &   50 & 0.427 $\pm$ 0.014 & 0.084 $\pm$ 0.001 & 5.1$\times$ & 0.012 $\pm$ 0.001 & 36.2$\times$ \\
\hline
100 &  100 & 1.559 $\pm$ 0.101 & 0.302 $\pm$ 0.008 & 5.2$\times$ & 0.023 $\pm$ 0.006 & 67.1$\times$ \\
\hline
200 &  200 & 5.509 $\pm$ 0.038 & 1.108 $\pm$ 0.010 & 5.0$\times$ & 0.038 $\pm$ 0.001 & 145.1$\times$ \\
\hline
400 &  400 & 21.458 $\pm$ 0.154 & 4.297 $\pm$ 0.045 & 5.0$\times$ & 0.075 $\pm$ 0.002 & 287.2$\times$ \\
\hline
800 &  800 & 85.507 $\pm$ 0.783 & 17.361 $\pm$ 0.115 & 4.9$\times$ & 0.149 $\pm$ 0.011 & 572.4$\times$ \\
\hline

Wrote results/hvac/experiment_scalability_sd.json
