N=  10  ref=   0.037+-0.007s  incr(same trace)=  0.007+-0.000s (5.0x)  incr(no digests)= 0.0040+-0.0003s (9.3x)  [OK]
N=  50  ref=   0.413+-0.006s  incr(same trace)=  0.085+-0.004s (4.9x)  incr(no digests)= 0.0113+-0.0005s (36.6x)  [OK]
N= 100  ref=   1.469+-0.007s  incr(same trace)=  0.293+-0.001s (5.0x)  incr(no digests)= 0.0196+-0.0002s (75.0x)  [OK]
N= 200  ref=   5.479+-0.033s  incr(same trace)=  1.117+-0.015s (4.9x)  incr(no digests)= 0.0373+-0.0010s (147.0x)  [OK]
N= 400  ref=  21.677+-0.542s  incr(same trace)=  4.489+-0.209s (4.8x)  incr(no digests)= 0.0781+-0.0108s (277.5x)  [OK]
N= 800  ref=  94.206+-3.897s  incr(same trace)= 19.180+-0.740s (4.9x)  incr(no digests)= 0.1610+-0.0199s (585.3x)  [OK]

============================================================
LaTeX rows for Table tab:scalability (paste these):
============================================================
 10 &   10 & 0.037 $\pm$ 0.007 & 0.007 $\pm$ 0.000 & 5.0$\times$ & 0.004 $\pm$ 0.000 & 9.3$\times$ \\
\hline
 50 &   50 & 0.413 $\pm$ 0.006 & 0.085 $\pm$ 0.004 & 4.9$\times$ & 0.011 $\pm$ 0.001 & 36.6$\times$ \\
\hline
100 &  100 & 1.469 $\pm$ 0.007 & 0.293 $\pm$ 0.001 & 5.0$\times$ & 0.020 $\pm$ 0.000 & 75.0$\times$ \\
\hline
200 &  200 & 5.479 $\pm$ 0.033 & 1.117 $\pm$ 0.015 & 4.9$\times$ & 0.037 $\pm$ 0.001 & 147.0$\times$ \\
\hline
400 &  400 & 21.677 $\pm$ 0.542 & 4.489 $\pm$ 0.209 & 4.8$\times$ & 0.078 $\pm$ 0.011 & 277.5$\times$ \\
\hline
800 &  800 & 94.206 $\pm$ 3.897 & 19.180 $\pm$ 0.740 & 4.9$\times$ & 0.161 $\pm$ 0.020 & 585.3$\times$ \\
\hline

Wrote results/hvac/experiment_scalability_sd.json
